// Jest Snapshot v1, https://goo.gl/fbAQLP

exports[`Components render correctly Navbar 1`] = `
<nav>
  <a
    aria-current="page"
    className="active"
    href="/"
    onClick={[Function]}
  >
    <div
      className="nav_index"
    >
      <img
        alt="Logo"
        className="nav_img"
        src="logo.png"
      />
      <h1
        className="nav_title"
      >
        Space Travelers' Hub
      </h1>
    </div>
  </a>
  <ul
    className="nav_list"
  >
    <li
      className="nav_list_list"
    >
      <a
        className=""
        href="/missions"
        onClick={[Function]}
      >
        Missions
      </a>
    </li>
    <li
      className="nav_list_list"
    >
      <a
        className=""
        href="/rockets"
        onClick={[Function]}
      >
        Rockets
      </a>
    </li>
    <li
      className="nav_list_list"
    >
      <a
        className=""
        href="/profile"
        onClick={[Function]}
      >
        My Profile
      </a>
    </li>
  </ul>
</nav>
`;
